#-----------------------------------------------------------
# Vivado v2024.2 (64-bit)
# SW Build 5239630 on Fri Nov 08 22:35:27 MST 2024
# IP Build 5239520 on Sun Nov 10 16:12:51 MST 2024
# SharedData Build 5239561 on Fri Nov 08 14:39:27 MST 2024
# Start of session at: Mon Jun 23 16:48:15 2025
# Process ID         : 3744
# Current directory  : D:/Vivado+Vitis/redpitaya_guide/tmp/5_averager/5_averager.runs/system_processing_system7_0_0_synth_1
# Command line       : vivado.exe -log system_processing_system7_0_0.vds -product Vivado -mode batch -messageDb vivado.pb -notrace -source system_processing_system7_0_0.tcl
# Log file           : D:/Vivado+Vitis/redpitaya_guide/tmp/5_averager/5_averager.runs/system_processing_system7_0_0_synth_1/system_processing_system7_0_0.vds
# Journal file       : D:/Vivado+Vitis/redpitaya_guide/tmp/5_averager/5_averager.runs/system_processing_system7_0_0_synth_1\vivado.jou
# Running On         : GiridharKING
# Platform           : Windows Server 2016 or Windows 10
# Operating System   : 26100
# Processor Detail   : 12th Gen Intel(R) Core(TM) i7-1255U
# CPU Frequency      : 2611 MHz
# CPU Physical cores : 10
# CPU Logical cores  : 12
# Host memory        : 16850 MB
# Swap memory        : 1744 MB
# Total Virtual      : 18594 MB
# Available Virtual  : 4046 MB
#-----------------------------------------------------------
source system_processing_system7_0_0.tcl -notrace
